_apk_mirror_host_args
_apk_ranked_fetch_run
_ensure_offline_image
_env_read_file
_env_strip_quotes
_generic_db_port_set
_generic_service_install
_get_abs_path
_go_ensure_running
_go_exec
_go_generate_compose
_go_install
_go_list
_go_prepare
_go_project_env_value
_go_proxy_nginx
_go_resolve_existing
_go_resolve_project
_go_resolve_version
_go_server
_go_uninstall
_go_validate_project_name
_hosts_add
_hosts_list
_hosts_remove
_image_offline_tar_path
_init_mysql_config
_init_nginx_config
_init_pgsql_config
_init_php_config
_init_redis_config
_install_rollback_begin
_install_rollback_commit
_install_rollback_run
_load_apk_mirrors
_mysql_clean_stale_sock
_mysql_ensure_image
_mysql_ensure_running
_mysql_generate_compose
_mysql_install
_mysql_port_set
_mysql_purge
_mysql_show_list
_mysql_uninstall
_nginx_effective_version
_nginx_ensure_image
_nginx_ensure_running
_nginx_generate_compose
_nginx_inject_sites_include
_nginx_install
_nginx_port_set
_nginx_reload
_nginx_remove
_nginx_validate
_pgsql_ensure_image
_pgsql_ensure_running
_pgsql_generate_compose
_pgsql_install
_pgsql_port_set
_pgsql_purge
_pgsql_show_list
_pgsql_uninstall
_php_apk_basesync_run
_php_apk_closure_verify
_php_apk_prefetch_run
_php_build_image
_php_cleanup_images
_php_detect_build_proxy
_php_discard_staging
_php_docker_build_verified
_php_ensure_running
_php_ext_apk_deps
_php_extension_op
_php_generate_compose
_php_get_extensions_file
_php_infer_installed_version
_php_install
_php_online_build_args
_php_pecl_tarball_url
_php_promote_apk_closure
_php_promote_pecl_tarballs
_php_read_extensions
_php_render_dockerfile
_php_resolve_build_proxy
_php_resolve_build_proxy_base
_php_show_list
_php_split_ext_list
_php_stage_apk_closure
_php_stage_pecl_tarballs
_php_uninstall
_php_validate_extensions
_php_write_extensions
_phpbox_start_stopped
_phpbox_stop_svc
_redis_ensure_image
_redis_ensure_running
_redis_generate_compose
_redis_install
_redis_port_set
_redis_purge
_redis_show_list
_redis_uninstall
_restore_collect_invalid_paths
_restore_list_vol_files
_restore_volumes
_rm_rf_with_docker_fallback
_save_image_to_offline
_site_add
_site_atomic_replace
_site_remove
_site_rollback
_site_show_list
_site_switch
_valid_domain
check_and_report_port
check_port
cmd_backup
cmd_go
cmd_hosts
cmd_list
cmd_mysql
cmd_nginx
cmd_pgsql
cmd_php
cmd_redis
cmd_restore
cmd_site
confirm_yes
env_set
env_unset
error
escape_sed
find_free_port
get_container_name
get_or_set_password
get_or_set_port
get_service_key
get_volume_name
http_probe_ok
init_config_files
load_env
log
nginx_try_reload
port_key
read_env_value
require_docker
run_compose
sed_i
show_help
show_port_owner
stop_and_remove_container
success
validate_version
verify_service
